// Jest Snapshot v1, https://goo.gl/fbAQLP

exports[`SnackbarError Association message type Renders the component 1`] = `
<fragment-stub>
  <v-snackbar-stub color="#bd4147" outlined="true" tag="div" value="true" top="true" contentclass="" text="true" timeout="4000" transition="v-snack-transition">
    The request has failed, please try again.
  </v-snackbar-stub>
</fragment-stub>
`;

exports[`SnackbarError Default message type Renders the component 1`] = `
<fragment-stub>
  <v-snackbar-stub color="#bd4147" outlined="true" tag="div" value="true" top="true" contentclass="" text="true" timeout="4000" transition="v-snack-transition">
    The request has failed, please try again.
  </v-snackbar-stub>
</fragment-stub>
`;

exports[`SnackbarError Incorrect message type Renders the component 1`] = `
<fragment-stub>
  <v-snackbar-stub color="#bd4147" outlined="true" tag="div" value="true" top="true" contentclass="" text="true" timeout="4000" transition="v-snack-transition">
    The request has failed, please try again.
  </v-snackbar-stub>
</fragment-stub>
`;

exports[`SnackbarError Incorrect message type Renders the component 2`] = `
<fragment-stub>
  <v-snackbar-stub color="#bd4147" outlined="true" tag="div" value="true" top="true" contentclass="" text="true" timeout="4000" transition="v-snack-transition">
    The request has failed, please try again.
  </v-snackbar-stub>
</fragment-stub>
`;

exports[`SnackbarError Loading message type Renders the component 1`] = `
<fragment-stub>
  <v-snackbar-stub color="#bd4147" outlined="true" tag="div" value="true" top="true" contentclass="" text="true" timeout="4000" transition="v-snack-transition">
    The request has failed, please try again.
  </v-snackbar-stub>
</fragment-stub>
`;

exports[`SnackbarError NotRequest message type Renders the component 1`] = `
<fragment-stub>
  <v-snackbar-stub color="#bd4147" outlined="true" tag="div" value="true" top="true" contentclass="" text="true" timeout="4000" transition="v-snack-transition">
    The request has failed, please try again.
  </v-snackbar-stub>
</fragment-stub>
`;
