// Jest Snapshot v1, https://goo.gl/fbAQLP

exports[`BillingWarning Dialog is closes when has less than 3 devices Renders the component 1`] = `
<fragment-stub>
  <div role="dialog" class="v-dialog__container">
    <!---->
  </div>
</fragment-stub>
`;

exports[`BillingWarning Dialog is closes when user has subscription Renders the component 1`] = `
<fragment-stub>
  <div role="dialog" class="v-dialog__container">
    <!---->
  </div>
</fragment-stub>
`;

exports[`BillingWarning Dialog is opens Renders the component 1`] = `
<fragment-stub>
  <div role="dialog" class="v-dialog__container"></div>
</fragment-stub>
`;
