// Jest Snapshot v1, https://goo.gl/fbAQLP

exports[`DeviceWarning Dialog is closes Renders the component 1`] = `
<fragment-stub>
  <div role="dialog" class="v-dialog__container">
    <!---->
  </div>
</fragment-stub>
`;
